Flagged Repair Numbers for Investigation:
========================================
R100024
R100058
R100149
R100189
R100239
R100327
R100359
R100364
R100371
R100375
R100381
R100385
R100388
R100404
R100407
R100414
========================================
Total flagged: 16
